// Jest Snapshot v1, https://goo.gl/fbAQLP

exports[`app.tsx Tests GlobalStyle 1`] = `
<body>
  <div />
</body>
`;
