// Jest Snapshot v1, https://goo.gl/fbAQLP

exports[`Greeter snapshot test without properties 1`] = `
<body>
  <div />
</body>
`;
